EN data_memory NULL C:/Users/Dajun/Desktop/y86_64_CPU_SEQ/DATA_MEMORY.vhd sub00/vhpl08 1650975146
AR d_register behavioral C:/Users/Dajun/Desktop/y86_64_CPU_SEQ/D_Register.vhd sub00/vhpl20 1650975135
PB cpu_type cpu_type C:/Users/Dajun/Desktop/y86_64_CPU_SEQ/CPU_Type.vhd sub00/vhpl01 1650975125
EN instruction_memory NULL C:/Users/Dajun/Desktop/y86_64_CPU_SEQ/INSTRUCTION_MEMORY.vhd sub00/vhpl10 1650975132
EN d_register NULL C:/Users/Dajun/Desktop/y86_64_CPU_SEQ/D_Register.vhd sub00/vhpl19 1650975134
PH cpu_type NULL C:/Users/Dajun/Desktop/y86_64_CPU_SEQ/CPU_Type.vhd sub00/vhpl00 1650975124
AR alu behavioral C:/Users/Dajun/Desktop/y86_64_CPU_SEQ/ALU.vhd sub00/vhpl05 1650975143
EN select_pc NULL C:/Users/Dajun/Desktop/y86_64_CPU_SEQ/Select_PC.vhd sub00/vhpl14 1650975130
AR w_register behavioral C:/Users/Dajun/Desktop/y86_64_CPU_SEQ/W_Register.vhd sub00/vhpl25 1650975149
EN forward NULL C:/Users/Dajun/Desktop/y86_64_CPU_SEQ/Forward.vhd sub00/vhpl26 1650975138
EN register_group NULL C:/Users/Dajun/Desktop/y86_64_CPU_SEQ/Register_Group.vhd sub00/vhpl06 1650975136
AR register_group behavioral C:/Users/Dajun/Desktop/y86_64_CPU_SEQ/Register_Group.vhd sub00/vhpl07 1650975137
EN seq_cpu NULL C:/Users/Dajun/Desktop/y86_64_CPU_SEQ/SEQ_CPU.vhd sub00/vhpl12 1650975150
EN pc NULL C:/Users/Dajun/Desktop/y86_64_CPU_SEQ/PC.vhd sub00/vhpl02 1650588779
AR forward behavioral C:/Users/Dajun/Desktop/y86_64_CPU_SEQ/Forward.vhd sub00/vhpl27 1650975139
EN m_register NULL C:/Users/Dajun/Desktop/y86_64_CPU_SEQ/M_Register.vhd sub00/vhpl16 1650975144
AR seq_cpu behavioral C:/Users/Dajun/Desktop/y86_64_CPU_SEQ/SEQ_CPU.vhd sub00/vhpl13 1650975151
AR m_register behavioral C:/Users/Dajun/Desktop/y86_64_CPU_SEQ/M_Register.vhd sub00/vhpl23 1650975145
EN w_register NULL C:/Users/Dajun/Desktop/y86_64_CPU_SEQ/W_Register.vhd sub00/vhpl24 1650975148
AR e_register behavioral C:/Users/Dajun/Desktop/y86_64_CPU_SEQ/E_Register.vhd sub00/vhpl22 1650975141
EN f_register NULL C:/Users/Dajun/Desktop/y86_64_CPU_SEQ/F_Register.vhd sub00/vhpl17 1650975128
AR select_pc behavioral C:/Users/Dajun/Desktop/y86_64_CPU_SEQ/Select_PC.vhd sub00/vhpl15 1650975131
AR f_register behavioral C:/Users/Dajun/Desktop/y86_64_CPU_SEQ/F_Register.vhd sub00/vhpl18 1650975129
AR data_memory behavioral C:/Users/Dajun/Desktop/y86_64_CPU_SEQ/DATA_MEMORY.vhd sub00/vhpl09 1650975147
EN stream_control NULL C:/Users/Dajun/Desktop/y86_64_CPU_SEQ/Stream_Control.vhd sub00/vhpl28 1650975126
AR instruction_memory behavioral C:/Users/Dajun/Desktop/y86_64_CPU_SEQ/INSTRUCTION_MEMORY.vhd sub00/vhpl11 1650975133
EN e_register NULL C:/Users/Dajun/Desktop/y86_64_CPU_SEQ/E_Register.vhd sub00/vhpl21 1650975140
AR pc behavioral C:/Users/Dajun/Desktop/y86_64_CPU_SEQ/PC.vhd sub00/vhpl03 1650588780
EN alu NULL C:/Users/Dajun/Desktop/y86_64_CPU_SEQ/ALU.vhd sub00/vhpl04 1650975142
AR stream_control behavioral C:/Users/Dajun/Desktop/y86_64_CPU_SEQ/Stream_Control.vhd sub00/vhpl29 1650975127
